// Jest Snapshot v1, https://goo.gl/fbAQLP

exports[`test over GifGrid component Should match with snapshot 1`] = `
<Fragment>
  <h3
    className="category-title aninate__animated animate__flash"
  >
    one punch man
  </h3>
  <p>
    Cargando...
  </p>
  <div
    className="card-grid"
  />
</Fragment>
`;
